// Jest Snapshot v1, https://goo.gl/fbAQLP

exports[`The TextInput component renders an input with a label 1`] = `
.c0 {
  -webkit-box-flex: 1;
  -webkit-flex-grow: 1;
  -ms-flex-positive: 1;
  flex-grow: 1;
  border: 1px solid #625418;
  border-radius: 0.1em;
  font-family: GentiumPlus,serif;
  font-size: 28px;
  color: #625418;
  text-indent: 0.3em;
}

.c0:focus {
  outline: 2px solid #625418;
}

<input
  class="c0"
  id="id-test"
  type="text"
/>
`;
